// Jest Snapshot v1, https://goo.gl/fbAQLP

exports[`<Landing /> Renders "Hello World" message 1`] = `
<Text>
  Hello World!
</Text>
`;
